pkg_config: checking for pkg-config for yaml-0.1... -------------------- not found

LD_LIBRARY_PATH=.:/usr/lib/x86_64-linux-gnu x86_64-linux-gnu-pkg-config --exists yaml-0.1
package configuration for yaml-0.1 is not found
--------------------

find_header: checking for yaml.h... -------------------- no

LD_LIBRARY_PATH=.:/usr/lib/x86_64-linux-gnu "x86_64-linux-gnu-gcc -o conftest -I/usr/include/x86_64-linux-gnu/ruby-3.3.0 -I/usr/include/ruby-3.3.0/ruby/backward -I/usr/include/ruby-3.3.0 -I. -Wdate-time -D_FORTIFY_SOURCE=2   -g -O2 -Werror=implicit-function-declaration -ffile-prefix-map=BUILDDIR=. -fstack-protector-strong -fstack-clash-protection -Wformat -Werror=format-security -fcf-protection -fPIC conftest.c  -L. -L/usr/lib/x86_64-linux-gnu -L. -Wl,-z,relro -Wl,-z,now -fstack-protector-strong -rdynamic -Wl,-export-dynamic -Wl,--no-as-needed     -lruby-3.3  -lm -lpthread  -lc"
checked program was:
/* begin */
1: #include "ruby.h"
2: 
3: int main(int argc, char **argv)
4: {
5:   return !!argv[argc];
6: }
/* end */

LD_LIBRARY_PATH=.:/usr/lib/x86_64-linux-gnu "x86_64-linux-gnu-gcc -I/usr/include/x86_64-linux-gnu/ruby-3.3.0 -I/usr/include/ruby-3.3.0/ruby/backward -I/usr/include/ruby-3.3.0 -I. -Wdate-time -D_FORTIFY_SOURCE=2   -g -O2 -Werror=implicit-function-declaration -ffile-prefix-map=BUILDDIR=. -fstack-protector-strong -fstack-clash-protection -Wformat -Werror=format-security -fcf-protection -fPIC   -c conftest.c"
conftest.c:3:10: fatal error: yaml.h: No such file or directory
    3 | #include <yaml.h>
      |          ^~~~~~~~
compilation terminated.
checked program was:
/* begin */
1: #include "ruby.h"
2: 
3: #include <yaml.h>
/* end */

--------------------

